DEBUG:root:
{'x': {'xx': 11, 'xy': 12}, 'y': 2, 'z': 3}
INFO:root:
{'x': {'xx': 11, 'xy': 12}, 'y': 2, 'z': 3}
INFO:root:
{'x': {'xx': 11, 'xy': 12}, 'y': 2, 'z': 3}
INFO:root:{'x': {'xx': 11, 'xy': 12}, 'y': 2, 'z': 3}
CRITICAL:root:---------------------------------------------------------
INFO:root:
{'x': {'xx': 11,
       'xy': 12},
 'y': 2,
 'z': 3}
INFO:werkzeug:[31m[1mWARNING: This is a development server. Do not use it in a production deployment. Use a production WSGI server instead.[0m
 * Running on http://127.0.0.1:5000
INFO:werkzeug:[33mPress CTRL+C to quit[0m
INFO:werkzeug: * Restarting with stat
WARNING:werkzeug: * Debugger is active!
INFO:werkzeug: * Debugger PIN: 372-002-383
INFO:werkzeug:[31m[1mWARNING: This is a development server. Do not use it in a production deployment. Use a production WSGI server instead.[0m
 * Running on http://127.0.0.1:5000
INFO:werkzeug:[33mPress CTRL+C to quit[0m
INFO:werkzeug: * Restarting with stat
INFO:werkzeug:[31m[1mWARNING: This is a development server. Do not use it in a production deployment. Use a production WSGI server instead.[0m
 * Running on http://127.0.0.1:5000
INFO:werkzeug:[33mPress CTRL+C to quit[0m
INFO:werkzeug: * Restarting with stat
INFO:werkzeug:[31m[1mWARNING: This is a development server. Do not use it in a production deployment. Use a production WSGI server instead.[0m
 * Running on http://127.0.0.1:5000
INFO:werkzeug:[33mPress CTRL+C to quit[0m
INFO:werkzeug: * Restarting with stat
WARNING:werkzeug: * Debugger is active!
INFO:werkzeug: * Debugger PIN: 372-002-383
INFO:werkzeug:[31m[1mWARNING: This is a development server. Do not use it in a production deployment. Use a production WSGI server instead.[0m
 * Running on http://127.0.0.1:5000
INFO:werkzeug:[33mPress CTRL+C to quit[0m
INFO:werkzeug: * Restarting with stat
WARNING:werkzeug: * Debugger is active!
INFO:werkzeug: * Debugger PIN: 372-002-383
INFO:werkzeug:[31m[1mWARNING: This is a development server. Do not use it in a production deployment. Use a production WSGI server instead.[0m
 * Running on http://127.0.0.1:5000
INFO:werkzeug:[33mPress CTRL+C to quit[0m
INFO:werkzeug: * Restarting with stat
WARNING:werkzeug: * Debugger is active!
INFO:werkzeug: * Debugger PIN: 372-002-383
WARNING:root:Seems like there's no internet connection. 'http://google.com' cannot be pinged. App will continue to run without connection, but some functions may be missing.
INFO:werkzeug:[31m[1mWARNING: This is a development server. Do not use it in a production deployment. Use a production WSGI server instead.[0m
 * Running on http://127.0.0.1:5000
INFO:werkzeug:[33mPress CTRL+C to quit[0m
INFO:werkzeug: * Restarting with stat
WARNING:werkzeug: * Debugger is active!
INFO:werkzeug: * Debugger PIN: 372-002-383
INFO:werkzeug:[31m[1mWARNING: This is a development server. Do not use it in a production deployment. Use a production WSGI server instead.[0m
 * Running on http://127.0.0.1:5000
INFO:werkzeug:[33mPress CTRL+C to quit[0m
INFO:werkzeug: * Restarting with stat
WARNING:werkzeug: * Debugger is active!
INFO:werkzeug: * Debugger PIN: 372-002-383
INFO:werkzeug:[31m[1mWARNING: This is a development server. Do not use it in a production deployment. Use a production WSGI server instead.[0m
 * Running on http://127.0.0.1:5000
INFO:werkzeug:[33mPress CTRL+C to quit[0m
INFO:werkzeug: * Restarting with stat
WARNING:werkzeug: * Debugger is active!
INFO:werkzeug: * Debugger PIN: 372-002-383
INFO:werkzeug:[31m[1mWARNING: This is a development server. Do not use it in a production deployment. Use a production WSGI server instead.[0m
 * Running on http://127.0.0.1:5000
INFO:werkzeug:[33mPress CTRL+C to quit[0m
INFO:werkzeug: * Restarting with stat
WARNING:werkzeug: * Debugger is active!
INFO:werkzeug: * Debugger PIN: 372-002-383
INFO:root:
('basta@gmail.com\n',
 'aezakmi')
INFO:root:
('basta@gmail.com\n',
 'aezakmi')
INFO:root:email
INFO:root:pass
INFO:root:email
INFO:root:pass
INFO:root:
('britva@yandex.ua',
 'aertsbvgs')
INFO:root:email
INFO:root:pass
INFO:root:email
INFO:root:pass
INFO:root:
('yandex@yandex.uk',
 'ebrtb')
INFO:root:email
INFO:root:pass
INFO:root:email
INFO:root:pass
INFO:root:
('google@yandex.ty',
 'sdf')
INFO:root:email
INFO:root:pass
INFO:root:email
INFO:root:pass
INFO:root:
('@yandex.uk@yandex.uk',
 'qwrv')
INFO:root:email
INFO:root:pass
INFO:root:email
INFO:root:pass
INFO:werkzeug:[31m[1mWARNING: This is a development server. Do not use it in a production deployment. Use a production WSGI server instead.[0m
 * Running on http://127.0.0.1:5000
INFO:werkzeug:[33mPress CTRL+C to quit[0m
INFO:werkzeug: * Restarting with stat
INFO:root:
('basta@gmail.com\n',
 'aezakmi')
INFO:root:email
INFO:root:pass
INFO:root:email
INFO:root:pass
INFO:root:
('britva@yandex.ua',
 'aertsbvgs')
INFO:root:email
INFO:root:pass
INFO:root:email
INFO:root:pass
INFO:root:
('yandex@yandex.uk',
 'ebrtb')
INFO:root:email
INFO:root:pass
INFO:root:email
INFO:root:pass
INFO:root:
('google@yandex.ty',
 'sdf')
INFO:root:email
INFO:root:pass
INFO:root:email
INFO:root:pass
INFO:root:
('@yandex.uk@yandex.uk',
 'qwrv')
INFO:root:email
INFO:root:pass
INFO:root:email
INFO:root:pass
WARNING:werkzeug: * Debugger is active!
INFO:werkzeug: * Debugger PIN: 372-002-383
INFO:root:
('basta@gmail.com\n',
 'aezakmi')
INFO:root:email
INFO:root:pass
INFO:root:email
INFO:root:pass
INFO:root:
('britva@yandex.ua',
 'aertsbvgs')
INFO:root:email
INFO:root:pass
INFO:root:email
INFO:root:pass
INFO:root:
('yandex@yandex.uk',
 'ebrtb')
INFO:root:email
INFO:root:pass
INFO:root:email
INFO:root:pass
INFO:root:
('google@yandex.ty',
 'sdf')
INFO:root:email
INFO:root:pass
INFO:root:email
INFO:root:pass
INFO:root:
('@yandex.uk@yandex.uk',
 'qwrv')
INFO:root:email
INFO:root:pass
INFO:root:email
INFO:root:pass
INFO:werkzeug:[31m[1mWARNING: This is a development server. Do not use it in a production deployment. Use a production WSGI server instead.[0m
 * Running on http://127.0.0.1:5000
INFO:werkzeug:[33mPress CTRL+C to quit[0m
ERROR:app:Exception on / [GET]
Traceback (most recent call last):
  File "D:\ScorePy\ScorePy\src\Lib\site-packages\flask\app.py", line 1455, in wsgi_app
    response = self.full_dispatch_request()
               ^^^^^^^^^^^^^^^^^^^^^^^^^^^^
  File "D:\ScorePy\ScorePy\src\Lib\site-packages\flask\app.py", line 869, in full_dispatch_request
    rv = self.handle_user_exception(e)
         ^^^^^^^^^^^^^^^^^^^^^^^^^^^^^
  File "D:\ScorePy\ScorePy\src\Lib\site-packages\flask\app.py", line 867, in full_dispatch_request
    rv = self.dispatch_request()
         ^^^^^^^^^^^^^^^^^^^^^^^
  File "D:\ScorePy\ScorePy\src\Lib\site-packages\flask\app.py", line 852, in dispatch_request
    return self.ensure_sync(self.view_functions[rule.endpoint])(**view_args)
           ^^^^^^^^^^^^^^^^^^^^^^^^^^^^^^^^^^^^^^^^^^^^^^^^^^^^^^^^^^^^^^^^^
  File "D:\ScorePy\app.py", line 21, in mainPage
    return render_template("mainPage.html")
           ^^^^^^^^^^^^^^^^^^^^^^^^^^^^^^^^
  File "D:\ScorePy\ScorePy\src\Lib\site-packages\flask\templating.py", line 151, in render_template
    template = app.jinja_env.get_or_select_template(template_name_or_list)
               ^^^^^^^^^^^^^^^^^^^^^^^^^^^^^^^^^^^^^^^^^^^^^^^^^^^^^^^^^^^
  File "D:\ScorePy\ScorePy\src\Lib\site-packages\jinja2\environment.py", line 1081, in get_or_select_template
    return self.get_template(template_name_or_list, parent, globals)
           ^^^^^^^^^^^^^^^^^^^^^^^^^^^^^^^^^^^^^^^^^^^^^^^^^^^^^^^^^
  File "D:\ScorePy\ScorePy\src\Lib\site-packages\jinja2\environment.py", line 1010, in get_template
    return self._load_template(name, globals)
           ^^^^^^^^^^^^^^^^^^^^^^^^^^^^^^^^^^
  File "D:\ScorePy\ScorePy\src\Lib\site-packages\jinja2\environment.py", line 969, in _load_template
    template = self.loader.load(self, name, self.make_globals(globals))
               ^^^^^^^^^^^^^^^^^^^^^^^^^^^^^^^^^^^^^^^^^^^^^^^^^^^^^^^^
  File "D:\ScorePy\ScorePy\src\Lib\site-packages\jinja2\loaders.py", line 126, in load
    source, filename, uptodate = self.get_source(environment, name)
                                 ^^^^^^^^^^^^^^^^^^^^^^^^^^^^^^^^^^
  File "D:\ScorePy\ScorePy\src\Lib\site-packages\flask\templating.py", line 65, in get_source
    return self._get_source_fast(environment, template)
           ^^^^^^^^^^^^^^^^^^^^^^^^^^^^^^^^^^^^^^^^^^^^
  File "D:\ScorePy\ScorePy\src\Lib\site-packages\flask\templating.py", line 99, in _get_source_fast
    raise TemplateNotFound(template)
jinja2.exceptions.TemplateNotFound: mainPage.html
INFO:werkzeug:127.0.0.1 - - [01/Oct/2023 15:39:40] "[35m[1mGET / HTTP/1.1[0m" 500 -
ERROR:app:Exception on / [GET]
Traceback (most recent call last):
  File "D:\ScorePy\ScorePy\src\Lib\site-packages\flask\app.py", line 1455, in wsgi_app
    response = self.full_dispatch_request()
               ^^^^^^^^^^^^^^^^^^^^^^^^^^^^
  File "D:\ScorePy\ScorePy\src\Lib\site-packages\flask\app.py", line 869, in full_dispatch_request
    rv = self.handle_user_exception(e)
         ^^^^^^^^^^^^^^^^^^^^^^^^^^^^^
  File "D:\ScorePy\ScorePy\src\Lib\site-packages\flask\app.py", line 867, in full_dispatch_request
    rv = self.dispatch_request()
         ^^^^^^^^^^^^^^^^^^^^^^^
  File "D:\ScorePy\ScorePy\src\Lib\site-packages\flask\app.py", line 852, in dispatch_request
    return self.ensure_sync(self.view_functions[rule.endpoint])(**view_args)
           ^^^^^^^^^^^^^^^^^^^^^^^^^^^^^^^^^^^^^^^^^^^^^^^^^^^^^^^^^^^^^^^^^
  File "D:\ScorePy\app.py", line 21, in mainPage
    return render_template("mainPage.html")
           ^^^^^^^^^^^^^^^^^^^^^^^^^^^^^^^^
  File "D:\ScorePy\ScorePy\src\Lib\site-packages\flask\templating.py", line 151, in render_template
    template = app.jinja_env.get_or_select_template(template_name_or_list)
               ^^^^^^^^^^^^^^^^^^^^^^^^^^^^^^^^^^^^^^^^^^^^^^^^^^^^^^^^^^^
  File "D:\ScorePy\ScorePy\src\Lib\site-packages\jinja2\environment.py", line 1081, in get_or_select_template
    return self.get_template(template_name_or_list, parent, globals)
           ^^^^^^^^^^^^^^^^^^^^^^^^^^^^^^^^^^^^^^^^^^^^^^^^^^^^^^^^^
  File "D:\ScorePy\ScorePy\src\Lib\site-packages\jinja2\environment.py", line 1010, in get_template
    return self._load_template(name, globals)
           ^^^^^^^^^^^^^^^^^^^^^^^^^^^^^^^^^^
  File "D:\ScorePy\ScorePy\src\Lib\site-packages\jinja2\environment.py", line 969, in _load_template
    template = self.loader.load(self, name, self.make_globals(globals))
               ^^^^^^^^^^^^^^^^^^^^^^^^^^^^^^^^^^^^^^^^^^^^^^^^^^^^^^^^
  File "D:\ScorePy\ScorePy\src\Lib\site-packages\jinja2\loaders.py", line 126, in load
    source, filename, uptodate = self.get_source(environment, name)
                                 ^^^^^^^^^^^^^^^^^^^^^^^^^^^^^^^^^^
  File "D:\ScorePy\ScorePy\src\Lib\site-packages\flask\templating.py", line 65, in get_source
    return self._get_source_fast(environment, template)
           ^^^^^^^^^^^^^^^^^^^^^^^^^^^^^^^^^^^^^^^^^^^^
  File "D:\ScorePy\ScorePy\src\Lib\site-packages\flask\templating.py", line 99, in _get_source_fast
    raise TemplateNotFound(template)
jinja2.exceptions.TemplateNotFound: mainPage.html
INFO:werkzeug:127.0.0.1 - - [01/Oct/2023 15:39:40] "[35m[1mGET / HTTP/1.1[0m" 500 -
INFO:werkzeug:127.0.0.1 - - [01/Oct/2023 15:39:40] "[33mGET /favicon.ico HTTP/1.1[0m" 404 -
INFO:werkzeug:127.0.0.1 - - [01/Oct/2023 15:39:40] "[33mGET /favicon.ico HTTP/1.1[0m" 404 -
INFO:root:
('reply.naromori@gmail.com',
 'naromori')
INFO:root:email
INFO:root:pass
INFO:root:email
INFO:root:pass
INFO:root:
('orex_80@bk.ru',
 'Ak1ry')
INFO:root:email
INFO:root:pass
INFO:root:email
INFO:root:pass
INFO:root:
('83.220.170.127',
 'dolta')
INFO:root:email
INFO:root:pass
INFO:root:email
INFO:root:pass
INFO:werkzeug:[31m[1mWARNING: This is a development server. Do not use it in a production deployment. Use a production WSGI server instead.[0m
 * Running on http://127.0.0.1:5000
INFO:werkzeug:[33mPress CTRL+C to quit[0m
INFO:root:
('reply.naromori@gmail.com',
 'naromori')
INFO:root:reply.naromori@gmail.com
INFO:root:naromori
INFO:root:
('orex_80@bk.ru',
 'Ak1ry')
INFO:root:orex_80@bk.ru
INFO:root:Ak1ry
INFO:root:
('83.220.170.127',
 'dolta')
INFO:root:83.220.170.127
INFO:root:dolta
INFO:werkzeug:[31m[1mWARNING: This is a development server. Do not use it in a production deployment. Use a production WSGI server instead.[0m
 * Running on http://127.0.0.1:5000
INFO:werkzeug:[33mPress CTRL+C to quit[0m
INFO:root:('reply.naromori@gmail.com',)
INFO:root:('orex_80@bk.ru',)
INFO:root:('83.220.170.127',)
INFO:werkzeug:[31m[1mWARNING: This is a development server. Do not use it in a production deployment. Use a production WSGI server instead.[0m
 * Running on http://127.0.0.1:5000
INFO:werkzeug:[33mPress CTRL+C to quit[0m
INFO:werkzeug:[31m[1mWARNING: This is a development server. Do not use it in a production deployment. Use a production WSGI server instead.[0m
 * Running on http://127.0.0.1:5000
INFO:werkzeug:[33mPress CTRL+C to quit[0m
INFO:root:
-6
INFO:werkzeug:[31m[1mWARNING: This is a development server. Do not use it in a production deployment. Use a production WSGI server instead.[0m
 * Running on http://127.0.0.1:5000
INFO:werkzeug:[33mPress CTRL+C to quit[0m
CRITICAL:root:Traceback (most recent call last):
  File "/home/naromori/GitHub/ScorePy/requesto/Requesto.py", line 70, in insert
    self.cursor_.execute(f"""INSERT INTO {self.name_} ({rows}) VALUES ({args})""")
psycopg2.errors.SyntaxError: syntax error at or near ","
LINE 1: ...in, password, email) VALUES (St1zy3, AcrobaTick14@, bastardc...
                                                             ^


INFO:root:
-6
INFO:werkzeug:[31m[1mWARNING: This is a development server. Do not use it in a production deployment. Use a production WSGI server instead.[0m
 * Running on http://127.0.0.1:5000
INFO:werkzeug:[33mPress CTRL+C to quit[0m
CRITICAL:root:Traceback (most recent call last):
  File "/home/naromori/GitHub/ScorePy/requesto/Requesto.py", line 70, in insert
    self.cursor_.execute(f"""INSERT INTO {self.name_} ({rows}) VALUES ({args})""")
psycopg2.errors.SyntaxError: syntax error at or near ","
LINE 1: ...gin, password, email) VALUES (St1zy3,AcrobaTick14@,bastardco...
                                                             ^


INFO:root:
-6
INFO:werkzeug:[31m[1mWARNING: This is a development server. Do not use it in a production deployment. Use a production WSGI server instead.[0m
 * Running on http://127.0.0.1:5000
INFO:werkzeug:[33mPress CTRL+C to quit[0m
CRITICAL:root:Traceback (most recent call last):
  File "/home/naromori/GitHub/ScorePy/requesto/Requesto.py", line 72, in insert
    self.cursor_.execute(f"""INSERT INTO {self.name_} ({rows}) VALUES """ + args)
psycopg2.errors.SyntaxError: syntax error at or near "St1zy3"
LINE 1: ...ERT INTO userdata (login, password, email) VALUES St1zy3,Acr...
                                                             ^


INFO:root:
-6
INFO:werkzeug:[31m[1mWARNING: This is a development server. Do not use it in a production deployment. Use a production WSGI server instead.[0m
 * Running on http://127.0.0.1:5000
INFO:werkzeug:[33mPress CTRL+C to quit[0m
CRITICAL:root:Traceback (most recent call last):
  File "/home/naromori/GitHub/ScorePy/requesto/Requesto.py", line 72, in insert
    self.cursor_.execute(f"""INSERT INTO {self.name_} ({rows}) VALUES """ + "'" + args + "'")
psycopg2.errors.SyntaxError: syntax error at or near "'St1zy3,AcrobaTick14@,bastardcom1@gmail.com'"
LINE 1: ...ERT INTO userdata (login, password, email) VALUES 'St1zy3,Ac...
                                                             ^


INFO:root:
-6
INFO:werkzeug:[31m[1mWARNING: This is a development server. Do not use it in a production deployment. Use a production WSGI server instead.[0m
 * Running on http://127.0.0.1:5000
INFO:werkzeug:[33mPress CTRL+C to quit[0m
INFO:root:
0
INFO:werkzeug:[31m[1mWARNING: This is a development server. Do not use it in a production deployment. Use a production WSGI server instead.[0m
 * Running on http://127.0.0.1:5000
INFO:werkzeug:[33mPress CTRL+C to quit[0m
INFO:root:
0
INFO:werkzeug:[31m[1mWARNING: This is a development server. Do not use it in a production deployment. Use a production WSGI server instead.[0m
 * Running on http://127.0.0.1:5000
INFO:werkzeug:[33mPress CTRL+C to quit[0m
INFO:root:
None
INFO:root:
0
INFO:werkzeug:[31m[1mWARNING: This is a development server. Do not use it in a production deployment. Use a production WSGI server instead.[0m
 * Running on http://127.0.0.1:5000
INFO:werkzeug:[33mPress CTRL+C to quit[0m
INFO:root:
<cursor object at 0x7f535d9a6a70; closed: 0>
INFO:root:
<class 'psycopg2.extensions.cursor'>
INFO:root:
<cursor object at 0x7f46b0ac2a70; closed: 0>
INFO:root:
<class 'psycopg2.extensions.cursor'>
INFO:root:
<cursor object at 0x7f1bc251a980; closed: 0>
INFO:root:
<class 'psycopg2.extensions.cursor'>
INFO:root:
<cursor object at 0x7f6f53b2e980; closed: 0>
INFO:root:
<class 'psycopg2.extensions.cursor'>
